eid_1 fid_1
eid_1 fid_2
eid_1 fid_3
eid_3 fid_8
eid_5 fid_19
eid_6 fid_10
eid_1 fid_5
eid_7 fid_17
eid_4 fid_8
eid_10 fid_12
eid_12 fid_6
eid_15 fid_1
eid_4 fid_1
eid_7 fid_1
eid_13 fid_5
eid_15 fid_12
eid_14 fid_6
eid_10 fid_9